============================= test session starts =============================
platform win32 -- Python 3.14.0, pytest-9.0.3, pluggy-1.6.0
rootdir: C:\Users\adem-\OneDrive\Desktop\Nilay Jain\Projects\ai-agents-orch-platform\backend
plugins: anyio-4.13.0, langsmith-0.8.3, asyncio-1.3.0, cov-7.1.0
asyncio: mode=Mode.STRICT, debug=False, asyncio_default_fixture_loop_scope=None, asyncio_default_test_loop_scope=function
collected 12 items

tests\test_api.py .......                                                [ 58%]
tests\test_tools.py .....                                                [100%]

============================== warnings summary ===============================
app\api\agents.py:25
  C:\Users\adem-\OneDrive\Desktop\Nilay Jain\Projects\ai-agents-orch-platform\backend\app\api\agents.py:25: PydanticDeprecatedSince20: Support for class-based `config` is deprecated, use ConfigDict instead. Deprecated in Pydantic V2.0 to be removed in V3.0. See Pydantic V2 Migration Guide at https://errors.pydantic.dev/2.13/migration/
    class AgentResponse(AgentCreate):

.venv\Lib\site-packages\langgraph\cache\base\__init__.py:8
  C:\Users\adem-\OneDrive\Desktop\Nilay Jain\Projects\ai-agents-orch-platform\backend\.venv\Lib\site-packages\langgraph\cache\base\__init__.py:8: LangChainPendingDeprecationWarning: The default value of `allowed_objects` will change in a future version. Pass an explicit value (e.g., allowed_objects='messages' or allowed_objects='core') to suppress this warning.
    from langgraph.checkpoint.serde.jsonplus import JsonPlusSerializer

app\api\workflows.py:19
  C:\Users\adem-\OneDrive\Desktop\Nilay Jain\Projects\ai-agents-orch-platform\backend\app\api\workflows.py:19: PydanticDeprecatedSince20: Support for class-based `config` is deprecated, use ConfigDict instead. Deprecated in Pydantic V2.0 to be removed in V3.0. See Pydantic V2 Migration Guide at https://errors.pydantic.dev/2.13/migration/
    class WorkflowResponse(WorkflowCreate):

tests/test_api.py::test_create_agent
  C:\Users\adem-\OneDrive\Desktop\Nilay Jain\Projects\ai-agents-orch-platform\backend\.venv\Lib\site-packages\_pytest\python.py:170: PytestReturnNotNoneWarning: Test functions should return None, but tests/test_api.py::test_create_agent returned <class 'int'>.
  Did you mean to use `assert` instead of `return`?
  See https://docs.pytest.org/en/stable/how-to/assert.html#return-not-none for more information.
    warnings.warn(

tests/test_api.py::test_create_workflow
  C:\Users\adem-\OneDrive\Desktop\Nilay Jain\Projects\ai-agents-orch-platform\backend\.venv\Lib\site-packages\_pytest\python.py:170: PytestReturnNotNoneWarning: Test functions should return None, but tests/test_api.py::test_create_workflow returned <class 'int'>.
  Did you mean to use `assert` instead of `return`?
  See https://docs.pytest.org/en/stable/how-to/assert.html#return-not-none for more information.
    warnings.warn(

tests/test_api.py: 10 warnings
  C:\Users\adem-\OneDrive\Desktop\Nilay Jain\Projects\ai-agents-orch-platform\backend\.venv\Lib\site-packages\sqlalchemy\sql\schema.py:3624: DeprecationWarning: datetime.datetime.utcnow() is deprecated and scheduled for removal in a future version. Use timezone-aware objects to represent datetimes in UTC: datetime.datetime.now(datetime.UTC).
    return util.wrap_callable(lambda ctx: fn(), fn)  # type: ignore

tests/test_api.py::test_execute_workflow
  C:\Users\adem-\OneDrive\Desktop\Nilay Jain\Projects\ai-agents-orch-platform\backend\.venv\Lib\site-packages\_pytest\python.py:170: PytestReturnNotNoneWarning: Test functions should return None, but tests/test_api.py::test_execute_workflow returned <class 'int'>.
  Did you mean to use `assert` instead of `return`?
  See https://docs.pytest.org/en/stable/how-to/assert.html#return-not-none for more information.
    warnings.warn(

tests/test_tools.py::test_web_search
  C:\Users\adem-\OneDrive\Desktop\Nilay Jain\Projects\ai-agents-orch-platform\backend\app\core\tools.py:19: RuntimeWarning: This package (`duckduckgo_search`) has been renamed to `ddgs`! Use `pip install ddgs` instead.
    ddgs = DDGS()

tests/test_tools.py::test_web_search
  C:\Users\adem-\OneDrive\Desktop\Nilay Jain\Projects\ai-agents-orch-platform\backend\app\core\tools.py:25: RuntimeWarning: This package (`duckduckgo_search`) has been renamed to `ddgs`! Use `pip install ddgs` instead.
    with DDGS() as ddgs:

-- Docs: https://docs.pytest.org/en/stable/how-to/capture-warnings.html
====================== 12 passed, 18 warnings in 14.35s =======================
